
> looplive-ai-livestream-system@1.0.0 build
> next build

   ▲ Next.js 15.5.12
   - Environments: .env
   - Experiments (use with caution):
     · serverActions

   Creating an optimized production build ...
 ✓ Compiled successfully in 3.4s
   Linting and checking validity of types ...
Failed to compile.

./src/app/admin/layout.tsx:167:14
Type error: Type '{ children: Element[]; href: string; className: string; }' is not assignable to type '{ children?: ReactNode; }'.
  Types of property 'children' are incompatible.
    Type 'Element[]' is not assignable to type 'ReactNode'.
      Type 'Element[]' is not assignable to type 'Iterable<ReactNode>'.
        The types of '[Symbol.iterator]().map(...).return' are incompatible between these types.
          Type '((value?: undefined) => IteratorResult<R, undefined>) | undefined' is not assignable to type '(value: void) => IteratorResult<R, void>'.
            Type 'undefined' is not assignable to type '(value: void) => IteratorResult<R, void>'.

[0m [90m 165 |[39m               [33mPanduan[39m [33mSingkat[39m
 [90m 166 |[39m             [33m<[39m[33m/[39m[33mbutton[39m[33m>[39m
[31m[1m>[22m[39m[90m 167 |[39m             [33m<[39m[33mLink[39m href[33m=[39m[32m"/admin/profile"[39m className[33m=[39m[32m"flex items-center gap-3 hover:bg-slate-800 p-1 pr-3 rounded-full transition-all group"[39m[33m>[39m
 [90m     |[39m              [31m[1m^[22m[39m
 [90m 168 |[39m               [33m<[39m[33mdiv[39m className[33m=[39m[32m"h-8 w-8 rounded-full bg-gradient-to-tr from-blue-500 to-purple-600 shadow-lg shadow-blue-500/20 flex items-center justify-center text-[10px] font-black text-white"[39m[33m>[39m
 [90m 169 |[39m                 {userProfile[33m?[39m[33m.[39mdisplay_name [33m?[39m userProfile[33m.[39mdisplay_name[[35m0[39m][33m.[39mtoUpperCase() [33m:[39m (userProfile[33m?[39m[33m.[39memail [33m?[39m userProfile[33m.[39memail[33m.[39mcharAt([35m0[39m)[33m.[39mtoUpperCase() [33m:[39m [32m"A"[39m)}
 [90m 170 |[39m               [33m<[39m[33m/[39m[33mdiv[39m[33m>[39m[0m
Next.js build worker exited with code: 1 and signal: null
