▲ Next.js 16.1.6 (Turbopack)
- Environments: .env

  Creating an optimized production build ...
✓ Compiled successfully in 1466.0ms
  Running TypeScript ...
Failed to compile.

./src/lib/prisma.ts:5:5
Type error: Object literal may only specify known properties, and 'datasources' does not exist in type 'Subset<PrismaClientOptions, PrismaClientOptions>'.

[0m [90m 3 |[39m [36mconst[39m prismaClientSingleton [33m=[39m () [33m=>[39m {
 [90m 4 |[39m   [36mreturn[39m [36mnew[39m [33mPrismaClient[39m({
[31m[1m>[22m[39m[90m 5 |[39m     datasources[33m:[39m {
 [90m   |[39m     [31m[1m^[22m[39m
 [90m 6 |[39m       db[33m:[39m {
 [90m 7 |[39m         url[33m:[39m process[33m.[39menv[33m.[39m[33mDATABASE_URL[39m [33m||[39m [32m"postgresql://looplive_user:looplive_password@localhost:5432/looplive_db"[39m
 [90m 8 |[39m       }[0m
Next.js build worker exited with code: 1 and signal: null
